<?xml version="1.0" encoding="UTF-8"?>
<TestRun id="fc79efef-6668-4c16-937b-b69c06a7c78a" name="Administrator@PC-20100625VTUD 2013-12-25 13:40:50" runUser="PC-20100625VTUD\Administrator" xmlns="http://microsoft.com/schemas/VisualStudio/TeamTest/2010">
  <TestSettings name="本地" id="084791f5-ddad-4d33-88d0-1060aaf7796f">
    <Description>这些设置为本地测试运行的默认测试设置。</Description>
    <Deployment enabled="false" runDeploymentRoot="Administrator_PC-20100625VTUD 2013-12-25 13_40_50">
      <DeploymentItem filename="D:\qwinner-work\New_Jin_Zhan\FoodSafeTool\bin\Debug\JinZhan.exe" />
    </Deployment>
    <Execution>
      <TestTypeSpecific />
      <AgentRule name="Execution Agents">
      </AgentRule>
    </Execution>
  </TestSettings>
  <Times creation="2013-12-25T13:40:50.9375000+08:00" queuing="2013-12-25T13:40:50.9687500+08:00" start="2013-12-25T13:40:50.9843750+08:00" finish="2013-12-25T13:40:52.2031250+08:00" />
  <ResultSummary outcome="Warning">
    <Counters total="1" executed="1" passed="1" error="0" failed="0" timeout="0" aborted="0" inconclusive="0" passedButRunAborted="0" notRunnable="0" notExecuted="0" disconnected="0" warning="0" completed="0" inProgress="0" pending="0" />
    <RunInfos>
      <RunInfo computerName="PC-20100625VTUD" outcome="Warning" timestamp="2013-12-25T13:40:50.9687500+08:00">
        <Text>当前已禁用部署。未部署测试“TestJinZhan.ExportDataTest.ParsingChangDiTest”中的部署项“JinZhan.exe”。</Text>
      </RunInfo>
    </RunInfos>
  </ResultSummary>
  <TestDefinitions>
    <UnitTest name="ParsingChangDiTest" storage="d:\qwinner-work\new_jin_zhan\testjinzhan\bin\debug\testjinzhan.dll" id="f036620f-5233-41b6-f5d9-f51d1bbf7ea6">
      <DeploymentItems>
        <DeploymentItem filename="JinZhan.exe" />
      </DeploymentItems>
      <Execution id="625e6957-d2e3-42f1-898a-e162132e55b9" />
      <TestMethod codeBase="D:/qwinner-work/New_Jin_Zhan/TestJinZhan/bin/Debug/TestJinZhan.DLL" adapterTypeName="Microsoft.VisualStudio.TestTools.TestTypes.Unit.UnitTestAdapter, Microsoft.VisualStudio.QualityTools.Tips.UnitTest.Adapter, Version=10.0.0.0, Culture=neutral, PublicKeyToken=b03f5f7f11d50a3a" className="TestJinZhan.ExportDataTest, TestJinZhan, Version=1.0.0.0, Culture=neutral, PublicKeyToken=null" name="ParsingChangDiTest" />
    </UnitTest>
  </TestDefinitions>
  <TestLists>
    <TestList name="列表中未列出的结果" id="8c84fa94-04c1-424b-9868-57a2d4851a1d" />
    <TestList name="所有已加载的结果" id="19431567-8539-422a-85d7-44ee4e166bda" />
  </TestLists>
  <TestEntries>
    <TestEntry testId="f036620f-5233-41b6-f5d9-f51d1bbf7ea6" executionId="625e6957-d2e3-42f1-898a-e162132e55b9" testListId="8c84fa94-04c1-424b-9868-57a2d4851a1d" />
  </TestEntries>
  <Results>
    <UnitTestResult executionId="625e6957-d2e3-42f1-898a-e162132e55b9" testId="f036620f-5233-41b6-f5d9-f51d1bbf7ea6" testName="ParsingChangDiTest" computerName="PC-20100625VTUD" duration="00:00:00.1188237" startTime="2013-12-25T13:40:50.9843750+08:00" endTime="2013-12-25T13:40:51.7812500+08:00" testType="13cdc9d9-ddb5-4fa4-a97d-d965ccfc6d4b" outcome="Passed" testListId="8c84fa94-04c1-424b-9868-57a2d4851a1d" relativeResultsDirectory="625e6957-d2e3-42f1-898a-e162132e55b9">
    </UnitTestResult>
  </Results>
</TestRun>